
================================================================================
📊 RESULTS RANKED BY RETURN (2026-04-05 08:06)
================================================================================
  #  Tag    Emoji  Name                    Ver    Trades     WR%      Ret%   MaxDD%     PF
--------------------------------------------------------------------------------
  1  NEW    🔄    BBMeanRev               v0.1      157   45.2%     +8.0%     0.0%   1.28  🟢
  2  NEW    🔮    RSIContrarian           v0.1       88   40.9%     +4.2%     0.0%   1.24  🟡
  3  NEW    🚄    TrendMomentum           v0.1      302   34.1%     +1.5%     0.0%   1.02  🟡
  4  NEW    🎯    MinimalEdge             v0.1      319   33.2%     +0.3%     0.0%   1.00  🟡
  5  NEW    📈    PureTrend               v0.1      319   33.2%     +0.2%     0.0%   1.00  🟡
  6  NEW    📊    MACDDivergence          v0.1      164   32.9%     -1.3%     0.0%   0.96  🟡
  7  NEW    ⚖️   BalancedSelective       v0.1      385   40.3%     -2.2%     0.0%   0.97  🟡
  8  NEW    ✅    TrendConfirm            v0.1      310   32.3%     -3.7%     0.0%   0.95  🟡
  9  REF    💎    Pumpradar HiddenGem     v0.3      170   31.2%     -5.0%     0.0%   0.89  🔴
 10  REF    🎯    Pumpradar Sniper        v0.3      194   30.4%     -5.9%     0.0%   0.87  🔴
 11  REF    📢    Pumpradar VolumeKing    v0.3      316   32.0%     -7.0%     0.0%   0.90  🔴
 12  REF    🏆    Pumpradar OG            v0.3      473   39.1%    -10.5%     0.0%   0.88  🔴
 13  NEW    💥    BreakoutVol             v0.1      403   36.0%    -10.8%     0.0%   0.85  🔴
 14  NEW    🌊    PressureReader          v0.1      338   30.8%    -14.9%     0.0%   0.78  🔴
--------------------------------------------------------------------------------

✅ Profitable: 5/14
🏆 Winners: BBMeanRev (+8.0%), RSIContrarian (+4.2%), TrendMomentum (+1.5%), MinimalEdge (+0.3%), PureTrend (+0.2%)
