
================================================================================
📊 RESULTS RANKED BY RETURN (2026-04-05 07:44)
================================================================================
  #  Tag    Emoji  Name                    Ver    Trades     WR%      Ret%   MaxDD%     PF
--------------------------------------------------------------------------------
  1  NEW    💥    BreakoutVol             v0.1      403   36.0%    +43.9%     0.0%   0.85  🟢
  2  REF    🏆    Pumpradar OG            v0.3      479   39.0%     +5.2%     0.0%   0.87  🟢
  3  NEW    🔄    BBMeanRev               v0.1      157   45.9%     +4.1%     0.0%   1.28  🟡
  4  NEW    🔮    RSIContrarian           v0.1       88   40.9%     +2.0%     0.0%   1.24  🟡
  5  REF    📢    Pumpradar VolumeKing    v0.3      316   32.0%     -2.2%     0.0%   0.90  🟡
  6  REF    💎    Pumpradar HiddenGem     v0.3      194   30.4%     -5.7%     0.0%   0.87  🔴
  7  REF    🎯    Pumpradar Sniper        v0.3      194   30.4%     -5.7%     0.0%   0.87  🔴
  8  NEW    📊    MACDDivergence          v0.1      164   32.9%     -6.9%     0.0%   0.96  🔴
  9  NEW    🌊    PressureReader          v0.1      338   30.8%    -13.9%     0.0%   0.78  🔴
 10  NEW    🚄    TrendMomentum           v0.1      302   34.1%    -18.5%     0.0%   1.02  🔴
 11  NEW    📈    PureTrend               v0.1      319   33.2%    -23.3%     0.0%   1.00  🔴
 12  NEW    🎯    MinimalEdge             v0.1      319   33.2%    -23.3%     0.0%   1.00  🔴
 13  NEW    ⚖️   BalancedSelective       v0.1      385   40.3%    -34.0%     0.0%   0.97  🔴
 14  NEW    ✅    TrendConfirm            v0.1      310   32.3%    -35.9%     0.0%   0.95  🔴
--------------------------------------------------------------------------------

✅ Profitable: 4/14
🏆 Winners: BreakoutVol (+43.9%), Pumpradar OG (+5.2%), BBMeanRev (+4.1%), RSIContrarian (+2.0%)
