============================================================
PHASE 1: EXIT MANAGEMENT OPTIMIZATION (180 DAYS)
============================================================

[Grid 1/4] Testing Exits: {'USE_ATR_EXITS': False, 'USE_TRAILING_STOP': False}
[Backtest] Fetching BTC data...
  Fetching BTCUSDT 1h from 2025-10-01 20:32...
  Fetching BTCUSDT 1h from 2025-12-03 08:00...
  Fetching BTCUSDT 1h from 2026-02-03 20:00...
  Fetching BTCUSDT 1h from 2026-03-30 20:00...
[Backtest] (1/15) 0GUSDT...
  Fetching 0GUSDT 1h from 2025-10-01 20:32...
  Fetching 0GUSDT 1h from 2025-12-03 08:00...
  Fetching 0GUSDT 1h from 2026-02-03 20:00...
  Fetching 0GUSDT 1h from 2026-03-30 20:00...
  → 438 trades
[Backtest] (2/15) 1000BONKUSDT...
  Fetching 1000BONKUSDT 1h from 2025-10-01 20:32...
  Fetching 1000BONKUSDT 1h from 2025-12-03 08:00...
  Fetching 1000BONKUSDT 1h from 2026-02-03 20:00...
  Fetching 1000BONKUSDT 1h from 2026-03-30 20:00...
  → 370 trades
[Backtest] (3/15) 1000FLOKIUSDT...
  Fetching 1000FLOKIUSDT 1h from 2025-10-01 20:32...
  Fetching 1000FLOKIUSDT 1h from 2025-12-03 08:00...
  Fetching 1000FLOKIUSDT 1h from 2026-02-03 20:00...
  Fetching 1000FLOKIUSDT 1h from 2026-03-30 20:00...
  → 376 trades
[Backtest] (4/15) 1000PEPEUSDT...
  Fetching 1000PEPEUSDT 1h from 2025-10-01 20:32...
  Fetching 1000PEPEUSDT 1h from 2025-12-03 08:00...
  Fetching 1000PEPEUSDT 1h from 2026-02-03 20:00...
  Fetching 1000PEPEUSDT 1h from 2026-03-30 20:00...
  → 391 trades
[Backtest] (5/15) 1000RATSUSDT...
  Fetching 1000RATSUSDT 1h from 2025-10-01 20:32...
  Fetching 1000RATSUSDT 1h from 2025-12-03 08:00...
  Fetching 1000RATSUSDT 1h from 2026-02-03 20:00...
  Fetching 1000RATSUSDT 1h from 2026-03-30 20:00...
  → 456 trades
[Backtest] (6/15) 1000SHIBUSDT...
  Fetching 1000SHIBUSDT 1h from 2025-10-01 20:32...
  Fetching 1000SHIBUSDT 1h from 2025-12-03 08:00...
  Fetching 1000SHIBUSDT 1h from 2026-02-03 20:00...
  Fetching 1000SHIBUSDT 1h from 2026-03-30 20:00...
  → 327 trades
[Backtest] (7/15) 42USDT...
  Fetching 42USDT 1h from 2025-10-01 20:32...
  Fetching 42USDT 1h from 2025-12-28 21:00...
  Fetching 42USDT 1h from 2026-03-01 09:00...
  Fetching 42USDT 1h from 2026-03-30 20:00...
  → 227 trades
[Backtest] (8/15) 4USDT...
  Fetching 4USDT 1h from 2025-10-01 20:32...
  Fetching 4USDT 1h from 2025-12-09 22:00...
  Fetching 4USDT 1h from 2026-02-10 10:00...
  Fetching 4USDT 1h from 2026-03-30 20:00...
  → 515 trades
[Backtest] (9/15) A2ZUSDT...
  Fetching A2ZUSDT 1h from 2025-10-01 20:32...
  Fetching A2ZUSDT 1h from 2025-12-03 08:00...
  Fetching A2ZUSDT 1h from 2026-02-03 20:00...
  Fetching A2ZUSDT 1h from 2026-03-30 20:00...
  → 345 trades
[Backtest] (10/15) AAVEUSDT...
  Fetching AAVEUSDT 1h from 2025-10-01 20:32...
  Fetching AAVEUSDT 1h from 2025-12-03 08:00...
  Fetching AAVEUSDT 1h from 2026-02-03 20:00...
  Fetching AAVEUSDT 1h from 2026-03-30 20:00...
  → 353 trades
[Backtest] (11/15) ADAUSDT...
  Fetching ADAUSDT 1h from 2025-10-01 20:32...
  Fetching ADAUSDT 1h from 2025-12-03 08:00...
  Fetching ADAUSDT 1h from 2026-02-03 20:00...
  Fetching ADAUSDT 1h from 2026-03-30 20:00...
  → 312 trades
[Backtest] (12/15) AGIXUSDT...
  Fetching AGIXUSDT 1h from 2025-10-01 20:32...
  Fetching AGIXUSDT 1h from 2025-12-03 08:00...
  Fetching AGIXUSDT 1h from 2026-02-03 20:00...
  Fetching AGIXUSDT 1h from 2026-03-30 20:00...
  → 0 trades
[Backtest] (13/15) AIAUSDT...
  Fetching AIAUSDT 1h from 2025-10-01 20:32...
  Fetching AIAUSDT 1h from 2026-03-23 22:00...
  Fetching AIAUSDT 1h from 2026-03-30 20:00...
  → 190 trades
[Backtest] (14/15) ALGOUSDT...
  Fetching ALGOUSDT 1h from 2025-10-01 20:32...
  Fetching ALGOUSDT 1h from 2025-12-03 08:00...
  Fetching ALGOUSDT 1h from 2026-02-03 20:00...
  Fetching ALGOUSDT 1h from 2026-03-30 20:00...
  → 283 trades
[Backtest] (15/15) ALPACAUSDT...
  Fetching ALPACAUSDT 1h from 2025-10-01 20:32...
  Fetching ALPACAUSDT 1h from 2025-12-03 08:00...
  Fetching ALPACAUSDT 1h from 2026-02-03 20:00...
  Fetching ALPACAUSDT 1h from 2026-03-30 20:00...
  → 0 trades
  Result: 4583 trades | WR: 39.9% | Return: -17.9% | MaxDD: 95.2%

[Grid 2/4] Testing Exits: {'USE_ATR_EXITS': True, 'USE_TRAILING_STOP': False}
[Backtest] Fetching BTC data...
  Fetching BTCUSDT 1h from 2025-10-01 20:34...
  Fetching BTCUSDT 1h from 2025-12-03 08:00...
  Fetching BTCUSDT 1h from 2026-02-03 20:00...
  Fetching BTCUSDT 1h from 2026-03-30 20:00...
[Backtest] (1/15) 0GUSDT...
  Fetching 0GUSDT 1h from 2025-10-01 20:34...
  Fetching 0GUSDT 1h from 2025-12-03 08:00...
  Fetching 0GUSDT 1h from 2026-02-03 20:00...
  Fetching 0GUSDT 1h from 2026-03-30 20:00...
  → 438 trades
[Backtest] (2/15) 1000BONKUSDT...
  Fetching 1000BONKUSDT 1h from 2025-10-01 20:34...
  Fetching 1000BONKUSDT 1h from 2025-12-03 08:00...
  Fetching 1000BONKUSDT 1h from 2026-02-03 20:00...
  Fetching 1000BONKUSDT 1h from 2026-03-30 20:00...
  → 370 trades
[Backtest] (3/15) 1000FLOKIUSDT...
  Fetching 1000FLOKIUSDT 1h from 2025-10-01 20:34...
  Fetching 1000FLOKIUSDT 1h from 2025-12-03 08:00...
  Fetching 1000FLOKIUSDT 1h from 2026-02-03 20:00...
  Fetching 1000FLOKIUSDT 1h from 2026-03-30 20:00...
  → 376 trades
[Backtest] (4/15) 1000PEPEUSDT...
  Fetching 1000PEPEUSDT 1h from 2025-10-01 20:34...
  Fetching 1000PEPEUSDT 1h from 2025-12-03 08:00...
  Fetching 1000PEPEUSDT 1h from 2026-02-03 20:00...
  Fetching 1000PEPEUSDT 1h from 2026-03-30 20:00...
  → 391 trades
[Backtest] (5/15) 1000RATSUSDT...
  Fetching 1000RATSUSDT 1h from 2025-10-01 20:34...
  Fetching 1000RATSUSDT 1h from 2025-12-03 08:00...
  Fetching 1000RATSUSDT 1h from 2026-02-03 20:00...
  Fetching 1000RATSUSDT 1h from 2026-03-30 20:00...
  → 456 trades
[Backtest] (6/15) 1000SHIBUSDT...
  Fetching 1000SHIBUSDT 1h from 2025-10-01 20:34...
  Fetching 1000SHIBUSDT 1h from 2025-12-03 08:00...
  Fetching 1000SHIBUSDT 1h from 2026-02-03 20:00...
  Fetching 1000SHIBUSDT 1h from 2026-03-30 20:00...
  → 327 trades
[Backtest] (7/15) 42USDT...
  Fetching 42USDT 1h from 2025-10-01 20:34...
  Fetching 42USDT 1h from 2025-12-28 21:00...
  Fetching 42USDT 1h from 2026-03-01 09:00...
  Fetching 42USDT 1h from 2026-03-30 20:00...
  → 227 trades
[Backtest] (8/15) 4USDT...
  Fetching 4USDT 1h from 2025-10-01 20:34...
  Fetching 4USDT 1h from 2025-12-09 22:00...
  Fetching 4USDT 1h from 2026-02-10 10:00...
  Fetching 4USDT 1h from 2026-03-30 20:00...
  → 515 trades
[Backtest] (9/15) A2ZUSDT...
  Fetching A2ZUSDT 1h from 2025-10-01 20:34...
  Fetching A2ZUSDT 1h from 2025-12-03 08:00...
  Fetching A2ZUSDT 1h from 2026-02-03 20:00...
  Fetching A2ZUSDT 1h from 2026-03-30 20:00...
  → 345 trades
[Backtest] (10/15) AAVEUSDT...
  Fetching AAVEUSDT 1h from 2025-10-01 20:34...
  Fetching AAVEUSDT 1h from 2025-12-03 08:00...
  Fetching AAVEUSDT 1h from 2026-02-03 20:00...
  Fetching AAVEUSDT 1h from 2026-03-30 20:00...
  → 353 trades
[Backtest] (11/15) ADAUSDT...
  Fetching ADAUSDT 1h from 2025-10-01 20:34...
  Fetching ADAUSDT 1h from 2025-12-03 08:00...
  Fetching ADAUSDT 1h from 2026-02-03 20:00...
  Fetching ADAUSDT 1h from 2026-03-30 20:00...
  → 312 trades
[Backtest] (12/15) AGIXUSDT...
  Fetching AGIXUSDT 1h from 2025-10-01 20:34...
  Fetching AGIXUSDT 1h from 2025-12-03 08:00...
  Fetching AGIXUSDT 1h from 2026-02-03 20:00...
  Fetching AGIXUSDT 1h from 2026-03-30 20:00...
  → 0 trades
[Backtest] (13/15) AIAUSDT...
  Fetching AIAUSDT 1h from 2025-10-01 20:34...
  Fetching AIAUSDT 1h from 2026-03-23 22:00...
  Fetching AIAUSDT 1h from 2026-03-30 20:00...
  → 190 trades
[Backtest] (14/15) ALGOUSDT...
  Fetching ALGOUSDT 1h from 2025-10-01 20:34...
  Fetching ALGOUSDT 1h from 2025-12-03 08:00...
  Fetching ALGOUSDT 1h from 2026-02-03 20:00...
  Fetching ALGOUSDT 1h from 2026-03-30 20:00...
  → 283 trades
[Backtest] (15/15) ALPACAUSDT...
  Fetching ALPACAUSDT 1h from 2025-10-01 20:34...
  Fetching ALPACAUSDT 1h from 2025-12-03 08:00...
  Fetching ALPACAUSDT 1h from 2026-02-03 20:00...
  Fetching ALPACAUSDT 1h from 2026-03-30 20:00...
  → 0 trades
  Result: 4583 trades | WR: 40.0% | Return: -17.9% | MaxDD: 95.2%

[Grid 3/4] Testing Exits: {'USE_ATR_EXITS': False, 'USE_TRAILING_STOP': True}
[Backtest] Fetching BTC data...
  Fetching BTCUSDT 1h from 2025-10-01 20:36...
  Fetching BTCUSDT 1h from 2025-12-03 08:00...
  Fetching BTCUSDT 1h from 2026-02-03 20:00...
  Fetching BTCUSDT 1h from 2026-03-30 20:00...
[Backtest] (1/15) 0GUSDT...
  Fetching 0GUSDT 1h from 2025-10-01 20:36...
  Fetching 0GUSDT 1h from 2025-12-03 08:00...
  Fetching 0GUSDT 1h from 2026-02-03 20:00...
  Fetching 0GUSDT 1h from 2026-03-30 20:00...
  → 478 trades
[Backtest] (2/15) 1000BONKUSDT...
  Fetching 1000BONKUSDT 1h from 2025-10-01 20:36...
  Fetching 1000BONKUSDT 1h from 2025-12-03 08:00...
  Fetching 1000BONKUSDT 1h from 2026-02-03 20:00...
  Fetching 1000BONKUSDT 1h from 2026-03-30 20:00...
  → 388 trades
[Backtest] (3/15) 1000FLOKIUSDT...
  Fetching 1000FLOKIUSDT 1h from 2025-10-01 20:36...
  Fetching 1000FLOKIUSDT 1h from 2025-12-03 08:00...
  Fetching 1000FLOKIUSDT 1h from 2026-02-03 20:00...
  Fetching 1000FLOKIUSDT 1h from 2026-03-30 20:00...
  → 413 trades
[Backtest] (4/15) 1000PEPEUSDT...
  Fetching 1000PEPEUSDT 1h from 2025-10-01 20:36...
  Fetching 1000PEPEUSDT 1h from 2025-12-03 08:00...
  Fetching 1000PEPEUSDT 1h from 2026-02-03 20:00...
  Fetching 1000PEPEUSDT 1h from 2026-03-30 20:00...
  → 424 trades
[Backtest] (5/15) 1000RATSUSDT...
  Fetching 1000RATSUSDT 1h from 2025-10-01 20:36...
  Fetching 1000RATSUSDT 1h from 2025-12-03 08:00...
  Fetching 1000RATSUSDT 1h from 2026-02-03 20:00...
  Fetching 1000RATSUSDT 1h from 2026-03-30 20:00...
  → 483 trades
[Backtest] (6/15) 1000SHIBUSDT...
  Fetching 1000SHIBUSDT 1h from 2025-10-01 20:36...
  Fetching 1000SHIBUSDT 1h from 2025-12-03 08:00...
  Fetching 1000SHIBUSDT 1h from 2026-02-03 20:00...
  Fetching 1000SHIBUSDT 1h from 2026-03-30 20:00...
  → 355 trades
[Backtest] (7/15) 42USDT...
  Fetching 42USDT 1h from 2025-10-01 20:36...
  Fetching 42USDT 1h from 2025-12-28 21:00...
  Fetching 42USDT 1h from 2026-03-01 09:00...
  Fetching 42USDT 1h from 2026-03-30 20:00...
  → 246 trades
[Backtest] (8/15) 4USDT...
  Fetching 4USDT 1h from 2025-10-01 20:36...
  Fetching 4USDT 1h from 2025-12-09 22:00...
  Fetching 4USDT 1h from 2026-02-10 10:00...
  Fetching 4USDT 1h from 2026-03-30 20:00...
  → 540 trades
[Backtest] (9/15) A2ZUSDT...
  Fetching A2ZUSDT 1h from 2025-10-01 20:36...
  Fetching A2ZUSDT 1h from 2025-12-03 08:00...
  Fetching A2ZUSDT 1h from 2026-02-03 20:00...
  Fetching A2ZUSDT 1h from 2026-03-30 20:00...
  → 370 trades
[Backtest] (10/15) AAVEUSDT...
  Fetching AAVEUSDT 1h from 2025-10-01 20:36...
  Fetching AAVEUSDT 1h from 2025-12-03 08:00...
  Fetching AAVEUSDT 1h from 2026-02-03 20:00...
  Fetching AAVEUSDT 1h from 2026-03-30 20:00...
  → 393 trades
[Backtest] (11/15) ADAUSDT...
  Fetching ADAUSDT 1h from 2025-10-01 20:36...
  Fetching ADAUSDT 1h from 2025-12-03 08:00...
  Fetching ADAUSDT 1h from 2026-02-03 20:00...
  Fetching ADAUSDT 1h from 2026-03-30 20:00...
  → 365 trades
[Backtest] (12/15) AGIXUSDT...
  Fetching AGIXUSDT 1h from 2025-10-01 20:36...
  Fetching AGIXUSDT 1h from 2025-12-03 08:00...
  Fetching AGIXUSDT 1h from 2026-02-03 20:00...
  Fetching AGIXUSDT 1h from 2026-03-30 20:00...
  → 0 trades
[Backtest] (13/15) AIAUSDT...
  Fetching AIAUSDT 1h from 2025-10-01 20:36...
  Fetching AIAUSDT 1h from 2026-03-23 22:00...
  Fetching AIAUSDT 1h from 2026-03-30 20:00...
  → 196 trades
[Backtest] (14/15) ALGOUSDT...
  Fetching ALGOUSDT 1h from 2025-10-01 20:36...
  Fetching ALGOUSDT 1h from 2025-12-03 08:00...
  Fetching ALGOUSDT 1h from 2026-02-03 20:00...
  Fetching ALGOUSDT 1h from 2026-03-30 20:00...
  → 341 trades
[Backtest] (15/15) ALPACAUSDT...
  Fetching ALPACAUSDT 1h from 2025-10-01 20:36...
  Fetching ALPACAUSDT 1h from 2025-12-03 08:00...
  Fetching ALPACAUSDT 1h from 2026-02-03 20:00...
  Fetching ALPACAUSDT 1h from 2026-03-30 20:00...
  → 0 trades
  Result: 4992 trades | WR: 39.9% | Return: -81.3% | MaxDD: 96.7%

[Grid 4/4] Testing Exits: {'USE_ATR_EXITS': True, 'USE_TRAILING_STOP': True}
[Backtest] Fetching BTC data...
  Fetching BTCUSDT 1h from 2025-10-01 20:38...
  Fetching BTCUSDT 1h from 2025-12-03 08:00...
  Fetching BTCUSDT 1h from 2026-02-03 20:00...
  Fetching BTCUSDT 1h from 2026-03-30 20:00...
[Backtest] (1/15) 0GUSDT...
  Fetching 0GUSDT 1h from 2025-10-01 20:38...
  Fetching 0GUSDT 1h from 2025-12-03 08:00...
  Fetching 0GUSDT 1h from 2026-02-03 20:00...
  Fetching 0GUSDT 1h from 2026-03-30 20:00...
  → 478 trades
[Backtest] (2/15) 1000BONKUSDT...
  Fetching 1000BONKUSDT 1h from 2025-10-01 20:38...
  Fetching 1000BONKUSDT 1h from 2025-12-03 08:00...
  Fetching 1000BONKUSDT 1h from 2026-02-03 20:00...
  Fetching 1000BONKUSDT 1h from 2026-03-30 20:00...
  → 388 trades
[Backtest] (3/15) 1000FLOKIUSDT...
  Fetching 1000FLOKIUSDT 1h from 2025-10-01 20:38...
  Fetching 1000FLOKIUSDT 1h from 2025-12-03 08:00...
  Fetching 1000FLOKIUSDT 1h from 2026-02-03 20:00...
  Fetching 1000FLOKIUSDT 1h from 2026-03-30 20:00...
  → 413 trades
[Backtest] (4/15) 1000PEPEUSDT...
  Fetching 1000PEPEUSDT 1h from 2025-10-01 20:38...
  Fetching 1000PEPEUSDT 1h from 2025-12-03 08:00...
  Fetching 1000PEPEUSDT 1h from 2026-02-03 20:00...
  Fetching 1000PEPEUSDT 1h from 2026-03-30 20:00...
  → 424 trades
[Backtest] (5/15) 1000RATSUSDT...
  Fetching 1000RATSUSDT 1h from 2025-10-01 20:38...
  Fetching 1000RATSUSDT 1h from 2025-12-03 08:00...
  Fetching 1000RATSUSDT 1h from 2026-02-03 20:00...
  Fetching 1000RATSUSDT 1h from 2026-03-30 20:00...
  → 483 trades
[Backtest] (6/15) 1000SHIBUSDT...
  Fetching 1000SHIBUSDT 1h from 2025-10-01 20:38...
  Fetching 1000SHIBUSDT 1h from 2025-12-03 08:00...
  Fetching 1000SHIBUSDT 1h from 2026-02-03 20:00...
  Fetching 1000SHIBUSDT 1h from 2026-03-30 20:00...
  → 355 trades
[Backtest] (7/15) 42USDT...
  Fetching 42USDT 1h from 2025-10-01 20:38...
  Fetching 42USDT 1h from 2025-12-28 21:00...
  Fetching 42USDT 1h from 2026-03-01 09:00...
  Fetching 42USDT 1h from 2026-03-30 20:00...
  → 246 trades
[Backtest] (8/15) 4USDT...
  Fetching 4USDT 1h from 2025-10-01 20:38...
  Fetching 4USDT 1h from 2025-12-09 22:00...
  Fetching 4USDT 1h from 2026-02-10 10:00...
  Fetching 4USDT 1h from 2026-03-30 20:00...
  → 540 trades
[Backtest] (9/15) A2ZUSDT...
  Fetching A2ZUSDT 1h from 2025-10-01 20:38...
  Fetching A2ZUSDT 1h from 2025-12-03 08:00...
  Fetching A2ZUSDT 1h from 2026-02-03 20:00...
  Fetching A2ZUSDT 1h from 2026-03-30 20:00...
  → 370 trades
[Backtest] (10/15) AAVEUSDT...
  Fetching AAVEUSDT 1h from 2025-10-01 20:38...
  Fetching AAVEUSDT 1h from 2025-12-03 08:00...
  Fetching AAVEUSDT 1h from 2026-02-03 20:00...
  Fetching AAVEUSDT 1h from 2026-03-30 20:00...
  → 393 trades
[Backtest] (11/15) ADAUSDT...
  Fetching ADAUSDT 1h from 2025-10-01 20:38...
  Fetching ADAUSDT 1h from 2025-12-03 08:00...
  Fetching ADAUSDT 1h from 2026-02-03 20:00...
  Fetching ADAUSDT 1h from 2026-03-30 20:00...
  → 365 trades
[Backtest] (12/15) AGIXUSDT...
  Fetching AGIXUSDT 1h from 2025-10-01 20:38...
  Fetching AGIXUSDT 1h from 2025-12-03 08:00...
  Fetching AGIXUSDT 1h from 2026-02-03 20:00...
  Fetching AGIXUSDT 1h from 2026-03-30 20:00...
  → 0 trades
[Backtest] (13/15) AIAUSDT...
  Fetching AIAUSDT 1h from 2025-10-01 20:38...
  Fetching AIAUSDT 1h from 2026-03-23 22:00...
  Fetching AIAUSDT 1h from 2026-03-30 20:00...
  → 196 trades
[Backtest] (14/15) ALGOUSDT...
  Fetching ALGOUSDT 1h from 2025-10-01 20:38...
  Fetching ALGOUSDT 1h from 2025-12-03 08:00...
  Fetching ALGOUSDT 1h from 2026-02-03 20:00...
  Fetching ALGOUSDT 1h from 2026-03-30 20:00...
  → 341 trades
[Backtest] (15/15) ALPACAUSDT...
  Fetching ALPACAUSDT 1h from 2025-10-01 20:38...
  Fetching ALPACAUSDT 1h from 2025-12-03 08:00...
  Fetching ALPACAUSDT 1h from 2026-02-03 20:00...
  Fetching ALPACAUSDT 1h from 2026-03-30 20:00...
  → 0 trades
  Result: 4992 trades | WR: 39.8% | Return: -81.3% | MaxDD: 96.7%

============================================================
EXIT OPTIMIZATION RESULTS (Sorted by Return)
============================================================
#1: Return=-17.9% WR=39.9% Trades=4583 Params={'USE_ATR_EXITS': False, 'USE_TRAILING_STOP': False}
#2: Return=-17.9% WR=40.0% Trades=4583 Params={'USE_ATR_EXITS': True, 'USE_TRAILING_STOP': False}
#3: Return=-81.3% WR=39.9% Trades=4992 Params={'USE_ATR_EXITS': False, 'USE_TRAILING_STOP': True}
#4: Return=-81.3% WR=39.8% Trades=4992 Params={'USE_ATR_EXITS': True, 'USE_TRAILING_STOP': True}
