============================================================
PHASE 3: TWIN BOTS (MOMENTUM VS REVERSAL)
============================================================

[Test 1/2] Mode: MOMENTUM
[Backtest] Fetching BTC data...
  Fetching BTCUSDT 1h from 2025-10-01 20:46...
  Fetching BTCUSDT 1h from 2025-12-03 08:00...
  Fetching BTCUSDT 1h from 2026-02-03 20:00...
  Fetching BTCUSDT 1h from 2026-03-30 20:00...
[Backtest] (1/10) 0GUSDT...
  Fetching 0GUSDT 1h from 2025-10-01 20:46...
  Fetching 0GUSDT 1h from 2025-12-03 08:00...
  Fetching 0GUSDT 1h from 2026-02-03 20:00...
  Fetching 0GUSDT 1h from 2026-03-30 20:00...
  → 470 trades
[Backtest] (2/10) 1000BONKUSDT...
  Fetching 1000BONKUSDT 1h from 2025-10-01 20:46...
  Fetching 1000BONKUSDT 1h from 2025-12-03 08:00...
  Fetching 1000BONKUSDT 1h from 2026-02-03 20:00...
  Fetching 1000BONKUSDT 1h from 2026-03-30 20:00...
  → 400 trades
[Backtest] (3/10) 1000FLOKIUSDT...
  Fetching 1000FLOKIUSDT 1h from 2025-10-01 20:46...
  Fetching 1000FLOKIUSDT 1h from 2025-12-03 08:00...
  Fetching 1000FLOKIUSDT 1h from 2026-02-03 20:00...
  Fetching 1000FLOKIUSDT 1h from 2026-03-30 20:00...
  → 414 trades
[Backtest] (4/10) 1000PEPEUSDT...
  Fetching 1000PEPEUSDT 1h from 2025-10-01 20:46...
  Fetching 1000PEPEUSDT 1h from 2025-12-03 08:00...
  Fetching 1000PEPEUSDT 1h from 2026-02-03 20:00...
  Fetching 1000PEPEUSDT 1h from 2026-03-30 20:00...
  → 423 trades
[Backtest] (5/10) 1000RATSUSDT...
  Fetching 1000RATSUSDT 1h from 2025-10-01 20:46...
  Fetching 1000RATSUSDT 1h from 2025-12-03 08:00...
  Fetching 1000RATSUSDT 1h from 2026-02-03 20:00...
  Fetching 1000RATSUSDT 1h from 2026-03-30 20:00...
  → 501 trades
[Backtest] (6/10) 1000SHIBUSDT...
  Fetching 1000SHIBUSDT 1h from 2025-10-01 20:46...
  Fetching 1000SHIBUSDT 1h from 2025-12-03 08:00...
  Fetching 1000SHIBUSDT 1h from 2026-02-03 20:00...
  Fetching 1000SHIBUSDT 1h from 2026-03-30 20:00...
  → 356 trades
[Backtest] (7/10) 42USDT...
  Fetching 42USDT 1h from 2025-10-01 20:46...
  Fetching 42USDT 1h from 2025-12-28 21:00...
  Fetching 42USDT 1h from 2026-03-01 09:00...
  Fetching 42USDT 1h from 2026-03-30 20:00...
  → 241 trades
[Backtest] (8/10) 4USDT...
  Fetching 4USDT 1h from 2025-10-01 20:46...
  Fetching 4USDT 1h from 2025-12-09 22:00...
  Fetching 4USDT 1h from 2026-02-10 10:00...
  Fetching 4USDT 1h from 2026-03-30 20:00...
  → 534 trades
[Backtest] (9/10) A2ZUSDT...
  Fetching A2ZUSDT 1h from 2025-10-01 20:46...
  Fetching A2ZUSDT 1h from 2025-12-03 08:00...
  Fetching A2ZUSDT 1h from 2026-02-03 20:00...
  Fetching A2ZUSDT 1h from 2026-03-30 20:00...
  → 382 trades
[Backtest] (10/10) AAVEUSDT...
  Fetching AAVEUSDT 1h from 2025-10-01 20:46...
  Fetching AAVEUSDT 1h from 2025-12-03 08:00...
  Fetching AAVEUSDT 1h from 2026-02-03 20:00...
  Fetching AAVEUSDT 1h from 2026-03-30 20:00...
  → 374 trades
  Result: 4095 trades | WR: 40.6% | Return: -81.5% | MaxDD: 97.2%

[Test 2/2] Mode: REVERSAL
[Backtest] Fetching BTC data...
  Fetching BTCUSDT 1h from 2025-10-01 20:47...
  Fetching BTCUSDT 1h from 2025-12-03 08:00...
  Fetching BTCUSDT 1h from 2026-02-03 20:00...
  Fetching BTCUSDT 1h from 2026-03-30 20:00...
[Backtest] (1/10) 0GUSDT...
  Fetching 0GUSDT 1h from 2025-10-01 20:47...
  Fetching 0GUSDT 1h from 2025-12-03 08:00...
  Fetching 0GUSDT 1h from 2026-02-03 20:00...
  Fetching 0GUSDT 1h from 2026-03-30 20:00...
  → 574 trades
[Backtest] (2/10) 1000BONKUSDT...
  Fetching 1000BONKUSDT 1h from 2025-10-01 20:47...
  Fetching 1000BONKUSDT 1h from 2025-12-03 08:00...
  Fetching 1000BONKUSDT 1h from 2026-02-03 20:00...
  Fetching 1000BONKUSDT 1h from 2026-03-30 20:00...
  → 419 trades
[Backtest] (3/10) 1000FLOKIUSDT...
  Fetching 1000FLOKIUSDT 1h from 2025-10-01 20:47...
  Fetching 1000FLOKIUSDT 1h from 2025-12-03 08:00...
  Fetching 1000FLOKIUSDT 1h from 2026-02-03 20:00...
  Fetching 1000FLOKIUSDT 1h from 2026-03-30 20:00...
  → 404 trades
[Backtest] (4/10) 1000PEPEUSDT...
  Fetching 1000PEPEUSDT 1h from 2025-10-01 20:47...
  Fetching 1000PEPEUSDT 1h from 2025-12-03 08:00...
  Fetching 1000PEPEUSDT 1h from 2026-02-03 20:00...
  Fetching 1000PEPEUSDT 1h from 2026-03-30 20:00...
  → 438 trades
[Backtest] (5/10) 1000RATSUSDT...
  Fetching 1000RATSUSDT 1h from 2025-10-01 20:47...
  Fetching 1000RATSUSDT 1h from 2025-12-03 08:00...
  Fetching 1000RATSUSDT 1h from 2026-02-03 20:00...
  Fetching 1000RATSUSDT 1h from 2026-03-30 20:00...
  → 529 trades
[Backtest] (6/10) 1000SHIBUSDT...
  Fetching 1000SHIBUSDT 1h from 2025-10-01 20:47...
  Fetching 1000SHIBUSDT 1h from 2025-12-03 08:00...
  Fetching 1000SHIBUSDT 1h from 2026-02-03 20:00...
  Fetching 1000SHIBUSDT 1h from 2026-03-30 20:00...
  → 292 trades
[Backtest] (7/10) 42USDT...
  Fetching 42USDT 1h from 2025-10-01 20:47...
  Fetching 42USDT 1h from 2025-12-28 21:00...
  Fetching 42USDT 1h from 2026-03-01 09:00...
  Fetching 42USDT 1h from 2026-03-30 20:00...
  → 212 trades
[Backtest] (8/10) 4USDT...
  Fetching 4USDT 1h from 2025-10-01 20:47...
  Fetching 4USDT 1h from 2025-12-09 22:00...
  Fetching 4USDT 1h from 2026-02-10 10:00...
  Fetching 4USDT 1h from 2026-03-30 20:00...
  → 627 trades
[Backtest] (9/10) A2ZUSDT...
  Fetching A2ZUSDT 1h from 2025-10-01 20:47...
  Fetching A2ZUSDT 1h from 2025-12-03 08:00...
  Fetching A2ZUSDT 1h from 2026-02-03 20:00...
  Fetching A2ZUSDT 1h from 2026-03-30 20:00...
  → 398 trades
[Backtest] (10/10) AAVEUSDT...
  Fetching AAVEUSDT 1h from 2025-10-01 20:47...
  Fetching AAVEUSDT 1h from 2025-12-03 08:00...
  Fetching AAVEUSDT 1h from 2026-02-03 20:00...
  Fetching AAVEUSDT 1h from 2026-03-30 20:00...
  → 341 trades
  Result: 4234 trades | WR: 40.9% | Return: -35.2% | MaxDD: 98.4%

============================================================
TWIN BOTS RESULTS (Sorted by Return)
============================================================
#1: REVERSAL | Return=-35.2% WR=40.9% Trades=4234
#2: MOMENTUM | Return=-81.5% WR=40.6% Trades=4095
