============================================================
PHASE 2: INDICATOR LABORATORY (RANDOM WEIGHT SEARCH)
============================================================

[Lab Run 1/10] Weights: {'ema_trend': 1.0, 'macd_signal': 0.0, 'rsi_position': 0.0, 'rsi_divergence': 0.0, 'bb_position': 0.0, 'volume_spike': 2.0, 'pressure': 0.0, 'candle_direction': 1.0}
[Backtest] Fetching BTC data...
  Fetching BTCUSDT 1h from 2025-10-01 20:46...
  Fetching BTCUSDT 1h from 2025-12-03 08:00...
  Fetching BTCUSDT 1h from 2026-02-03 20:00...
  Fetching BTCUSDT 1h from 2026-03-30 20:00...
[Backtest] (1/10) 0GUSDT...
  Fetching 0GUSDT 1h from 2025-10-01 20:46...
  Fetching 0GUSDT 1h from 2025-12-03 08:00...
  Fetching 0GUSDT 1h from 2026-02-03 20:00...
  Fetching 0GUSDT 1h from 2026-03-30 20:00...
  → 219 trades
[Backtest] (2/10) 1000BONKUSDT...
  Fetching 1000BONKUSDT 1h from 2025-10-01 20:46...
  Fetching 1000BONKUSDT 1h from 2025-12-03 08:00...
  Fetching 1000BONKUSDT 1h from 2026-02-03 20:00...
  Fetching 1000BONKUSDT 1h from 2026-03-30 20:00...
  → 230 trades
[Backtest] (3/10) 1000FLOKIUSDT...
  Fetching 1000FLOKIUSDT 1h from 2025-10-01 20:46...
  Fetching 1000FLOKIUSDT 1h from 2025-12-03 08:00...
  Fetching 1000FLOKIUSDT 1h from 2026-02-03 20:00...
  Fetching 1000FLOKIUSDT 1h from 2026-03-30 20:00...
  → 221 trades
[Backtest] (4/10) 1000PEPEUSDT...
  Fetching 1000PEPEUSDT 1h from 2025-10-01 20:46...
  Fetching 1000PEPEUSDT 1h from 2025-12-03 08:00...
  Fetching 1000PEPEUSDT 1h from 2026-02-03 20:00...
  Fetching 1000PEPEUSDT 1h from 2026-03-30 20:00...
  → 227 trades
[Backtest] (5/10) 1000RATSUSDT...
  Fetching 1000RATSUSDT 1h from 2025-10-01 20:46...
  Fetching 1000RATSUSDT 1h from 2025-12-03 08:00...
  Fetching 1000RATSUSDT 1h from 2026-02-03 20:00...
  Fetching 1000RATSUSDT 1h from 2026-03-30 20:00...
  → 208 trades
[Backtest] (6/10) 1000SHIBUSDT...
  Fetching 1000SHIBUSDT 1h from 2025-10-01 20:46...
  Fetching 1000SHIBUSDT 1h from 2025-12-03 08:00...
  Fetching 1000SHIBUSDT 1h from 2026-02-03 20:00...
  Fetching 1000SHIBUSDT 1h from 2026-03-30 20:00...
  → 180 trades
[Backtest] (7/10) 42USDT...
  Fetching 42USDT 1h from 2025-10-01 20:46...
  Fetching 42USDT 1h from 2025-12-28 21:00...
  Fetching 42USDT 1h from 2026-03-01 09:00...
  Fetching 42USDT 1h from 2026-03-30 20:00...
  → 106 trades
[Backtest] (8/10) 4USDT...
  Fetching 4USDT 1h from 2025-10-01 20:46...
  Fetching 4USDT 1h from 2025-12-09 22:00...
  Fetching 4USDT 1h from 2026-02-10 10:00...
  Fetching 4USDT 1h from 2026-03-30 20:00...
  → 248 trades
[Backtest] (9/10) A2ZUSDT...
  Fetching A2ZUSDT 1h from 2025-10-01 20:46...
  Fetching A2ZUSDT 1h from 2025-12-03 08:00...
  Fetching A2ZUSDT 1h from 2026-02-03 20:00...
  Fetching A2ZUSDT 1h from 2026-03-30 20:00...
  → 190 trades
[Backtest] (10/10) AAVEUSDT...
  Fetching AAVEUSDT 1h from 2025-10-01 20:46...
  Fetching AAVEUSDT 1h from 2025-12-03 08:00...
  Fetching AAVEUSDT 1h from 2026-02-03 20:00...
  Fetching AAVEUSDT 1h from 2026-03-30 20:00...
  → 213 trades
  Result: 2042 trades | WR: 41.1% | Return: -42.5% | MaxDD: 87.0%

[Lab Run 2/10] Weights: {'ema_trend': 2.0, 'macd_signal': 1.0, 'rsi_position': 0.0, 'rsi_divergence': 1.0, 'bb_position': 1.0, 'volume_spike': 1.5, 'pressure': 0.0, 'candle_direction': 1.0}
[Backtest] Fetching BTC data...
  Fetching BTCUSDT 1h from 2025-10-01 20:47...
  Fetching BTCUSDT 1h from 2025-12-03 08:00...
  Fetching BTCUSDT 1h from 2026-02-03 20:00...
  Fetching BTCUSDT 1h from 2026-03-30 20:00...
[Backtest] (1/10) 0GUSDT...
  Fetching 0GUSDT 1h from 2025-10-01 20:47...
  Fetching 0GUSDT 1h from 2025-12-03 08:00...
  Fetching 0GUSDT 1h from 2026-02-03 20:00...
  Fetching 0GUSDT 1h from 2026-03-30 20:00...
  → 215 trades
[Backtest] (2/10) 1000BONKUSDT...
  Fetching 1000BONKUSDT 1h from 2025-10-01 20:47...
  Fetching 1000BONKUSDT 1h from 2025-12-03 08:00...
  Fetching 1000BONKUSDT 1h from 2026-02-03 20:00...
  Fetching 1000BONKUSDT 1h from 2026-03-30 20:00...
  → 218 trades
[Backtest] (3/10) 1000FLOKIUSDT...
  Fetching 1000FLOKIUSDT 1h from 2025-10-01 20:47...
  Fetching 1000FLOKIUSDT 1h from 2025-12-03 08:00...
  Fetching 1000FLOKIUSDT 1h from 2026-02-03 20:00...
  Fetching 1000FLOKIUSDT 1h from 2026-03-30 20:00...
  → 208 trades
[Backtest] (4/10) 1000PEPEUSDT...
  Fetching 1000PEPEUSDT 1h from 2025-10-01 20:47...
  Fetching 1000PEPEUSDT 1h from 2025-12-03 08:00...
  Fetching 1000PEPEUSDT 1h from 2026-02-03 20:00...
  Fetching 1000PEPEUSDT 1h from 2026-03-30 20:00...
  → 205 trades
[Backtest] (5/10) 1000RATSUSDT...
  Fetching 1000RATSUSDT 1h from 2025-10-01 20:47...
  Fetching 1000RATSUSDT 1h from 2025-12-03 08:00...
  Fetching 1000RATSUSDT 1h from 2026-02-03 20:00...
  Fetching 1000RATSUSDT 1h from 2026-03-30 20:00...
  → 203 trades
[Backtest] (6/10) 1000SHIBUSDT...
  Fetching 1000SHIBUSDT 1h from 2025-10-01 20:47...
  Fetching 1000SHIBUSDT 1h from 2025-12-03 08:00...
  Fetching 1000SHIBUSDT 1h from 2026-02-03 20:00...
  Fetching 1000SHIBUSDT 1h from 2026-03-30 20:00...
  → 175 trades
[Backtest] (7/10) 42USDT...
  Fetching 42USDT 1h from 2025-10-01 20:47...
  Fetching 42USDT 1h from 2025-12-28 21:00...
  Fetching 42USDT 1h from 2026-03-01 09:00...
  Fetching 42USDT 1h from 2026-03-30 20:00...
  → 93 trades
[Backtest] (8/10) 4USDT...
  Fetching 4USDT 1h from 2025-10-01 20:47...
  Fetching 4USDT 1h from 2025-12-09 22:00...
  Fetching 4USDT 1h from 2026-02-10 10:00...
  Fetching 4USDT 1h from 2026-03-30 20:00...
  → 222 trades
[Backtest] (9/10) A2ZUSDT...
  Fetching A2ZUSDT 1h from 2025-10-01 20:47...
  Fetching A2ZUSDT 1h from 2025-12-03 08:00...
  Fetching A2ZUSDT 1h from 2026-02-03 20:00...
  Fetching A2ZUSDT 1h from 2026-03-30 20:00...
  → 170 trades
[Backtest] (10/10) AAVEUSDT...
  Fetching AAVEUSDT 1h from 2025-10-01 20:47...
  Fetching AAVEUSDT 1h from 2025-12-03 08:00...
  Fetching AAVEUSDT 1h from 2026-02-03 20:00...
  Fetching AAVEUSDT 1h from 2026-03-30 20:00...
  → 197 trades
  Result: 1906 trades | WR: 41.1% | Return: -11.6% | MaxDD: 87.1%

[Lab Run 3/10] Weights: {'ema_trend': 2.0, 'macd_signal': 1.0, 'rsi_position': 0.0, 'rsi_divergence': 1.0, 'bb_position': 1.0, 'volume_spike': 2.0, 'pressure': 1.0, 'candle_direction': 1.0}
[Backtest] Fetching BTC data...
  Fetching BTCUSDT 1h from 2025-10-01 20:48...
  Fetching BTCUSDT 1h from 2025-12-03 08:00...
  Fetching BTCUSDT 1h from 2026-02-03 20:00...
  Fetching BTCUSDT 1h from 2026-03-30 20:00...
[Backtest] (1/10) 0GUSDT...
  Fetching 0GUSDT 1h from 2025-10-01 20:48...
  Fetching 0GUSDT 1h from 2025-12-03 08:00...
  Fetching 0GUSDT 1h from 2026-02-03 20:00...
  Fetching 0GUSDT 1h from 2026-03-30 20:00...
  → 464 trades
[Backtest] (2/10) 1000BONKUSDT...
  Fetching 1000BONKUSDT 1h from 2025-10-01 20:48...
  Fetching 1000BONKUSDT 1h from 2025-12-03 08:00...
  Fetching 1000BONKUSDT 1h from 2026-02-03 20:00...
  Fetching 1000BONKUSDT 1h from 2026-03-30 20:00...
  → 402 trades
[Backtest] (3/10) 1000FLOKIUSDT...
  Fetching 1000FLOKIUSDT 1h from 2025-10-01 20:48...
  Fetching 1000FLOKIUSDT 1h from 2025-12-03 08:00...
  Fetching 1000FLOKIUSDT 1h from 2026-02-03 20:00...
  Fetching 1000FLOKIUSDT 1h from 2026-03-30 20:00...
  → 406 trades
[Backtest] (4/10) 1000PEPEUSDT...
  Fetching 1000PEPEUSDT 1h from 2025-10-01 20:48...
  Fetching 1000PEPEUSDT 1h from 2025-12-03 08:00...
  Fetching 1000PEPEUSDT 1h from 2026-02-03 20:00...
  Fetching 1000PEPEUSDT 1h from 2026-03-30 20:00...
  → 421 trades
[Backtest] (5/10) 1000RATSUSDT...
  Fetching 1000RATSUSDT 1h from 2025-10-01 20:48...
  Fetching 1000RATSUSDT 1h from 2025-12-03 08:00...
  Fetching 1000RATSUSDT 1h from 2026-02-03 20:00...
  Fetching 1000RATSUSDT 1h from 2026-03-30 20:00...
  → 499 trades
[Backtest] (6/10) 1000SHIBUSDT...
  Fetching 1000SHIBUSDT 1h from 2025-10-01 20:48...
  Fetching 1000SHIBUSDT 1h from 2025-12-03 08:00...
  Fetching 1000SHIBUSDT 1h from 2026-02-03 20:00...
  Fetching 1000SHIBUSDT 1h from 2026-03-30 20:00...
  → 358 trades
[Backtest] (7/10) 42USDT...
  Fetching 42USDT 1h from 2025-10-01 20:48...
  Fetching 42USDT 1h from 2025-12-28 21:00...
  Fetching 42USDT 1h from 2026-03-01 09:00...
  Fetching 42USDT 1h from 2026-03-30 20:00...
  → 236 trades
[Backtest] (8/10) 4USDT...
  Fetching 4USDT 1h from 2025-10-01 20:48...
  Fetching 4USDT 1h from 2025-12-09 22:00...
  Fetching 4USDT 1h from 2026-02-10 10:00...
  Fetching 4USDT 1h from 2026-03-30 20:00...
  → 520 trades
[Backtest] (9/10) A2ZUSDT...
  Fetching A2ZUSDT 1h from 2025-10-01 20:48...
  Fetching A2ZUSDT 1h from 2025-12-03 08:00...
  Fetching A2ZUSDT 1h from 2026-02-03 20:00...
  Fetching A2ZUSDT 1h from 2026-03-30 20:00...
  → 375 trades
[Backtest] (10/10) AAVEUSDT...
  Fetching AAVEUSDT 1h from 2025-10-01 20:48...
  Fetching AAVEUSDT 1h from 2025-12-03 08:00...
  Fetching AAVEUSDT 1h from 2026-02-03 20:00...
  Fetching AAVEUSDT 1h from 2026-03-30 20:00...
  → 370 trades
  Result: 4051 trades | WR: 40.6% | Return: -82.2% | MaxDD: 96.9%

[Lab Run 4/10] Weights: {'ema_trend': 1.0, 'macd_signal': 0.0, 'rsi_position': 1.0, 'rsi_divergence': 1.0, 'bb_position': 0.0, 'volume_spike': 2.0, 'pressure': 0.5, 'candle_direction': 1.0}
[Backtest] Fetching BTC data...
  Fetching BTCUSDT 1h from 2025-10-01 20:50...
  Fetching BTCUSDT 1h from 2025-12-03 08:00...
  Fetching BTCUSDT 1h from 2026-02-03 20:00...
  Fetching BTCUSDT 1h from 2026-03-30 20:00...
[Backtest] (1/10) 0GUSDT...
  Fetching 0GUSDT 1h from 2025-10-01 20:50...
  Fetching 0GUSDT 1h from 2025-12-03 08:00...
  Fetching 0GUSDT 1h from 2026-02-03 20:00...
  Fetching 0GUSDT 1h from 2026-03-30 20:00...
  → 251 trades
[Backtest] (2/10) 1000BONKUSDT...
  Fetching 1000BONKUSDT 1h from 2025-10-01 20:50...
  Fetching 1000BONKUSDT 1h from 2025-12-03 08:00...
  Fetching 1000BONKUSDT 1h from 2026-02-03 20:00...
  Fetching 1000BONKUSDT 1h from 2026-03-30 20:00...
  → 262 trades
[Backtest] (3/10) 1000FLOKIUSDT...
  Fetching 1000FLOKIUSDT 1h from 2025-10-01 20:50...
  Fetching 1000FLOKIUSDT 1h from 2025-12-03 08:00...
  Fetching 1000FLOKIUSDT 1h from 2026-02-03 20:00...
  Fetching 1000FLOKIUSDT 1h from 2026-03-30 20:00...
  → 255 trades
[Backtest] (4/10) 1000PEPEUSDT...
  Fetching 1000PEPEUSDT 1h from 2025-10-01 20:50...
  Fetching 1000PEPEUSDT 1h from 2025-12-03 08:00...
  Fetching 1000PEPEUSDT 1h from 2026-02-03 20:00...
  Fetching 1000PEPEUSDT 1h from 2026-03-30 20:00...
  → 250 trades
[Backtest] (5/10) 1000RATSUSDT...
  Fetching 1000RATSUSDT 1h from 2025-10-01 20:50...
  Fetching 1000RATSUSDT 1h from 2025-12-03 08:00...
  Fetching 1000RATSUSDT 1h from 2026-02-03 20:00...
  Fetching 1000RATSUSDT 1h from 2026-03-30 20:00...
  → 231 trades
[Backtest] (6/10) 1000SHIBUSDT...
  Fetching 1000SHIBUSDT 1h from 2025-10-01 20:50...
  Fetching 1000SHIBUSDT 1h from 2025-12-03 08:00...
  Fetching 1000SHIBUSDT 1h from 2026-02-03 20:00...
  Fetching 1000SHIBUSDT 1h from 2026-03-30 20:00...
  → 234 trades
[Backtest] (7/10) 42USDT...
  Fetching 42USDT 1h from 2025-10-01 20:50...
  Fetching 42USDT 1h from 2025-12-28 21:00...
  Fetching 42USDT 1h from 2026-03-01 09:00...
  Fetching 42USDT 1h from 2026-03-30 20:00...
  → 115 trades
[Backtest] (8/10) 4USDT...
  Fetching 4USDT 1h from 2025-10-01 20:50...
  Fetching 4USDT 1h from 2025-12-09 22:00...
  Fetching 4USDT 1h from 2026-02-10 10:00...
  Fetching 4USDT 1h from 2026-03-30 20:00...
  → 264 trades
[Backtest] (9/10) A2ZUSDT...
  Fetching A2ZUSDT 1h from 2025-10-01 20:50...
  Fetching A2ZUSDT 1h from 2025-12-03 08:00...
  Fetching A2ZUSDT 1h from 2026-02-03 20:00...
  Fetching A2ZUSDT 1h from 2026-03-30 20:00...
  → 203 trades
[Backtest] (10/10) AAVEUSDT...
  Fetching AAVEUSDT 1h from 2025-10-01 20:50...
  Fetching AAVEUSDT 1h from 2025-12-03 08:00...
  Fetching AAVEUSDT 1h from 2026-02-03 20:00...
  Fetching AAVEUSDT 1h from 2026-03-30 20:00...
  → 246 trades
  Result: 2311 trades | WR: 42.8% | Return: -40.6% | MaxDD: 83.8%

[Lab Run 5/10] Weights: {'ema_trend': 2.0, 'macd_signal': 0.0, 'rsi_position': 0.0, 'rsi_divergence': 1.0, 'bb_position': 1.0, 'volume_spike': 1.0, 'pressure': 1.0, 'candle_direction': 0.0}
[Backtest] Fetching BTC data...
  Fetching BTCUSDT 1h from 2025-10-01 20:51...
  Fetching BTCUSDT 1h from 2025-12-03 08:00...
  Fetching BTCUSDT 1h from 2026-02-03 20:00...
  Fetching BTCUSDT 1h from 2026-03-30 20:00...
[Backtest] (1/10) 0GUSDT...
  Fetching 0GUSDT 1h from 2025-10-01 20:51...
  Fetching 0GUSDT 1h from 2025-12-03 08:00...
  Fetching 0GUSDT 1h from 2026-02-03 20:00...
  Fetching 0GUSDT 1h from 2026-03-30 20:00...
  → 188 trades
[Backtest] (2/10) 1000BONKUSDT...
  Fetching 1000BONKUSDT 1h from 2025-10-01 20:51...
  Fetching 1000BONKUSDT 1h from 2025-12-03 08:00...
  Fetching 1000BONKUSDT 1h from 2026-02-03 20:00...
  Fetching 1000BONKUSDT 1h from 2026-03-30 20:00...
  → 199 trades
[Backtest] (3/10) 1000FLOKIUSDT...
  Fetching 1000FLOKIUSDT 1h from 2025-10-01 20:51...
  Fetching 1000FLOKIUSDT 1h from 2025-12-03 08:00...
  Fetching 1000FLOKIUSDT 1h from 2026-02-03 20:00...
  Fetching 1000FLOKIUSDT 1h from 2026-03-30 20:00...
  → 182 trades
[Backtest] (4/10) 1000PEPEUSDT...
  Fetching 1000PEPEUSDT 1h from 2025-10-01 20:51...
  Fetching 1000PEPEUSDT 1h from 2025-12-03 08:00...
  Fetching 1000PEPEUSDT 1h from 2026-02-03 20:00...
  Fetching 1000PEPEUSDT 1h from 2026-03-30 20:00...
  → 178 trades
[Backtest] (5/10) 1000RATSUSDT...
  Fetching 1000RATSUSDT 1h from 2025-10-01 20:51...
  Fetching 1000RATSUSDT 1h from 2025-12-03 08:00...
  Fetching 1000RATSUSDT 1h from 2026-02-03 20:00...
  Fetching 1000RATSUSDT 1h from 2026-03-30 20:00...
  → 231 trades
[Backtest] (6/10) 1000SHIBUSDT...
  Fetching 1000SHIBUSDT 1h from 2025-10-01 20:51...
  Fetching 1000SHIBUSDT 1h from 2025-12-03 08:00...
  Fetching 1000SHIBUSDT 1h from 2026-02-03 20:00...
  Fetching 1000SHIBUSDT 1h from 2026-03-30 20:00...
  → 168 trades
[Backtest] (7/10) 42USDT...
  Fetching 42USDT 1h from 2025-10-01 20:51...
  Fetching 42USDT 1h from 2025-12-28 21:00...
  Fetching 42USDT 1h from 2026-03-01 09:00...
  Fetching 42USDT 1h from 2026-03-30 20:00...
  → 107 trades
[Backtest] (8/10) 4USDT...
  Fetching 4USDT 1h from 2025-10-01 20:51...
  Fetching 4USDT 1h from 2025-12-09 22:00...
  Fetching 4USDT 1h from 2026-02-10 10:00...
  Fetching 4USDT 1h from 2026-03-30 20:00...
  → 186 trades
[Backtest] (9/10) A2ZUSDT...
  Fetching A2ZUSDT 1h from 2025-10-01 20:51...
  Fetching A2ZUSDT 1h from 2025-12-03 08:00...
  Fetching A2ZUSDT 1h from 2026-02-03 20:00...
  Fetching A2ZUSDT 1h from 2026-03-30 20:00...
  → 147 trades
[Backtest] (10/10) AAVEUSDT...
  Fetching AAVEUSDT 1h from 2025-10-01 20:51...
  Fetching AAVEUSDT 1h from 2025-12-03 08:00...
  Fetching AAVEUSDT 1h from 2026-02-03 20:00...
  Fetching AAVEUSDT 1h from 2026-03-30 20:00...
  → 163 trades
  Result: 1749 trades | WR: 39.3% | Return: -71.3% | MaxDD: 84.0%

[Lab Run 6/10] Weights: {'ema_trend': 2.0, 'macd_signal': 1.0, 'rsi_position': 0.0, 'rsi_divergence': 0.0, 'bb_position': 0.0, 'volume_spike': 1.5, 'pressure': 1.0, 'candle_direction': 1.0}
[Backtest] Fetching BTC data...
  Fetching BTCUSDT 1h from 2025-10-01 20:53...
  Fetching BTCUSDT 1h from 2025-12-03 08:00...
  Fetching BTCUSDT 1h from 2026-02-03 20:00...
  Fetching BTCUSDT 1h from 2026-03-30 20:00...
[Backtest] (1/10) 0GUSDT...
  Fetching 0GUSDT 1h from 2025-10-01 20:53...
  Fetching 0GUSDT 1h from 2025-12-03 08:00...
  Fetching 0GUSDT 1h from 2026-02-03 20:00...
  Fetching 0GUSDT 1h from 2026-03-30 20:00...
  → 656 trades
[Backtest] (2/10) 1000BONKUSDT...
  Fetching 1000BONKUSDT 1h from 2025-10-01 20:53...
  Fetching 1000BONKUSDT 1h from 2025-12-03 08:00...
  Fetching 1000BONKUSDT 1h from 2026-02-03 20:00...
  Fetching 1000BONKUSDT 1h from 2026-03-30 20:00...
  → 496 trades
[Backtest] (3/10) 1000FLOKIUSDT...
  Fetching 1000FLOKIUSDT 1h from 2025-10-01 20:53...
  Fetching 1000FLOKIUSDT 1h from 2025-12-03 08:00...
  Fetching 1000FLOKIUSDT 1h from 2026-02-03 20:00...
  Fetching 1000FLOKIUSDT 1h from 2026-03-30 20:00...
  → 429 trades
[Backtest] (4/10) 1000PEPEUSDT...
  Fetching 1000PEPEUSDT 1h from 2025-10-01 20:53...
  Fetching 1000PEPEUSDT 1h from 2025-12-03 08:00...
  Fetching 1000PEPEUSDT 1h from 2026-02-03 20:00...
  Fetching 1000PEPEUSDT 1h from 2026-03-30 20:00...
  → 436 trades
[Backtest] (5/10) 1000RATSUSDT...
  Fetching 1000RATSUSDT 1h from 2025-10-01 20:53...
  Fetching 1000RATSUSDT 1h from 2025-12-03 08:00...
  Fetching 1000RATSUSDT 1h from 2026-02-03 20:00...
  Fetching 1000RATSUSDT 1h from 2026-03-30 20:00...
  → 822 trades
[Backtest] (6/10) 1000SHIBUSDT...
  Fetching 1000SHIBUSDT 1h from 2025-10-01 20:53...
  Fetching 1000SHIBUSDT 1h from 2025-12-03 08:00...
  Fetching 1000SHIBUSDT 1h from 2026-02-03 20:00...
  Fetching 1000SHIBUSDT 1h from 2026-03-30 20:00...
  → 297 trades
[Backtest] (7/10) 42USDT...
  Fetching 42USDT 1h from 2025-10-01 20:53...
  Fetching 42USDT 1h from 2025-12-28 21:00...
  Fetching 42USDT 1h from 2026-03-01 09:00...
  Fetching 42USDT 1h from 2026-03-30 20:00...
  → 392 trades
[Backtest] (8/10) 4USDT...
  Fetching 4USDT 1h from 2025-10-01 20:53...
  Fetching 4USDT 1h from 2025-12-09 22:00...
  Fetching 4USDT 1h from 2026-02-10 10:00...
  Fetching 4USDT 1h from 2026-03-30 20:00...
  → 1138 trades
[Backtest] (9/10) A2ZUSDT...
  Fetching A2ZUSDT 1h from 2025-10-01 20:53...
  Fetching A2ZUSDT 1h from 2025-12-03 08:00...
  Fetching A2ZUSDT 1h from 2026-02-03 20:00...
  Fetching A2ZUSDT 1h from 2026-03-30 20:00...
  → 517 trades
[Backtest] (10/10) AAVEUSDT...
  Fetching AAVEUSDT 1h from 2025-10-01 20:53...
  Fetching AAVEUSDT 1h from 2025-12-03 08:00...
  Fetching AAVEUSDT 1h from 2026-02-03 20:00...
  Fetching AAVEUSDT 1h from 2026-03-30 20:00...
  → 451 trades
  Result: 5634 trades | WR: 39.1% | Return: -95.1% | MaxDD: 97.6%

[Lab Run 7/10] Weights: {'ema_trend': 2.0, 'macd_signal': 0.0, 'rsi_position': 0.0, 'rsi_divergence': 0.0, 'bb_position': 0.0, 'volume_spike': 1.5, 'pressure': 1.0, 'candle_direction': 1.0}
[Backtest] Fetching BTC data...
  Fetching BTCUSDT 1h from 2025-10-01 20:54...
  Fetching BTCUSDT 1h from 2025-12-03 08:00...
  Fetching BTCUSDT 1h from 2026-02-03 20:00...
  Fetching BTCUSDT 1h from 2026-03-30 20:00...
[Backtest] (1/10) 0GUSDT...
  Fetching 0GUSDT 1h from 2025-10-01 20:54...
  Fetching 0GUSDT 1h from 2025-12-03 08:00...
  Fetching 0GUSDT 1h from 2026-02-03 20:00...
  Fetching 0GUSDT 1h from 2026-03-30 20:00...
  → 874 trades
[Backtest] (2/10) 1000BONKUSDT...
  Fetching 1000BONKUSDT 1h from 2025-10-01 20:54...
  Fetching 1000BONKUSDT 1h from 2025-12-03 08:00...
  Fetching 1000BONKUSDT 1h from 2026-02-03 20:00...
  Fetching 1000BONKUSDT 1h from 2026-03-30 20:00...
  → 608 trades
[Backtest] (3/10) 1000FLOKIUSDT...
  Fetching 1000FLOKIUSDT 1h from 2025-10-01 20:54...
  Fetching 1000FLOKIUSDT 1h from 2025-12-03 08:00...
  Fetching 1000FLOKIUSDT 1h from 2026-02-03 20:00...
  Fetching 1000FLOKIUSDT 1h from 2026-03-30 20:00...
  → 560 trades
[Backtest] (4/10) 1000PEPEUSDT...
  Fetching 1000PEPEUSDT 1h from 2025-10-01 20:54...
  Fetching 1000PEPEUSDT 1h from 2025-12-03 08:00...
  Fetching 1000PEPEUSDT 1h from 2026-02-03 20:00...
  Fetching 1000PEPEUSDT 1h from 2026-03-30 20:00...
  → 600 trades
[Backtest] (5/10) 1000RATSUSDT...
  Fetching 1000RATSUSDT 1h from 2025-10-01 20:54...
  Fetching 1000RATSUSDT 1h from 2025-12-03 08:00...
  Fetching 1000RATSUSDT 1h from 2026-02-03 20:00...
  Fetching 1000RATSUSDT 1h from 2026-03-30 20:00...
  → 986 trades
[Backtest] (6/10) 1000SHIBUSDT...
  Fetching 1000SHIBUSDT 1h from 2025-10-01 20:54...
  Fetching 1000SHIBUSDT 1h from 2025-12-03 08:00...
  Fetching 1000SHIBUSDT 1h from 2026-02-03 20:00...
  Fetching 1000SHIBUSDT 1h from 2026-03-30 20:00...
  → 374 trades
[Backtest] (7/10) 42USDT...
  Fetching 42USDT 1h from 2025-10-01 20:54...
  Fetching 42USDT 1h from 2025-12-28 21:00...
  Fetching 42USDT 1h from 2026-03-01 09:00...
  Fetching 42USDT 1h from 2026-03-30 20:00...
  → 532 trades
[Backtest] (8/10) 4USDT...
  Fetching 4USDT 1h from 2025-10-01 20:54...
  Fetching 4USDT 1h from 2025-12-09 22:00...
  Fetching 4USDT 1h from 2026-02-10 10:00...
  Fetching 4USDT 1h from 2026-03-30 20:00...
  → 1498 trades
[Backtest] (9/10) A2ZUSDT...
  Fetching A2ZUSDT 1h from 2025-10-01 20:54...
  Fetching A2ZUSDT 1h from 2025-12-03 08:00...
  Fetching A2ZUSDT 1h from 2026-02-03 20:00...
  Fetching A2ZUSDT 1h from 2026-03-30 20:00...
  → 681 trades
[Backtest] (10/10) AAVEUSDT...
  Fetching AAVEUSDT 1h from 2025-10-01 20:54...
  Fetching AAVEUSDT 1h from 2025-12-03 08:00...
  Fetching AAVEUSDT 1h from 2026-02-03 20:00...
  Fetching AAVEUSDT 1h from 2026-03-30 20:00...
  → 519 trades
  Result: 7232 trades | WR: 41.0% | Return: -88.4% | MaxDD: 98.7%

[Lab Run 8/10] Weights: {'ema_trend': 1.0, 'macd_signal': 1.0, 'rsi_position': 0.0, 'rsi_divergence': 0.0, 'bb_position': 0.0, 'volume_spike': 1.5, 'pressure': 0.5, 'candle_direction': 1.0}
[Backtest] Fetching BTC data...
  Fetching BTCUSDT 1h from 2025-10-01 20:55...
  Fetching BTCUSDT 1h from 2025-12-03 08:00...
  Fetching BTCUSDT 1h from 2026-02-03 20:00...
  Fetching BTCUSDT 1h from 2026-03-30 20:00...
[Backtest] (1/10) 0GUSDT...
  Fetching 0GUSDT 1h from 2025-10-01 20:55...
  Fetching 0GUSDT 1h from 2025-12-03 08:00...
  Fetching 0GUSDT 1h from 2026-02-03 20:00...
  Fetching 0GUSDT 1h from 2026-03-30 20:00...
  → 714 trades
[Backtest] (2/10) 1000BONKUSDT...
  Fetching 1000BONKUSDT 1h from 2025-10-01 20:55...
  Fetching 1000BONKUSDT 1h from 2025-12-03 08:00...
  Fetching 1000BONKUSDT 1h from 2026-02-03 20:00...
  Fetching 1000BONKUSDT 1h from 2026-03-30 20:00...
  → 520 trades
[Backtest] (3/10) 1000FLOKIUSDT...
  Fetching 1000FLOKIUSDT 1h from 2025-10-01 20:55...
  Fetching 1000FLOKIUSDT 1h from 2025-12-03 08:00...
  Fetching 1000FLOKIUSDT 1h from 2026-02-03 20:00...
  Fetching 1000FLOKIUSDT 1h from 2026-03-30 20:00...
  → 519 trades
[Backtest] (4/10) 1000PEPEUSDT...
  Fetching 1000PEPEUSDT 1h from 2025-10-01 20:55...
  Fetching 1000PEPEUSDT 1h from 2025-12-03 08:00...
  Fetching 1000PEPEUSDT 1h from 2026-02-03 20:00...
  Fetching 1000PEPEUSDT 1h from 2026-03-30 20:00...
  → 519 trades
[Backtest] (5/10) 1000RATSUSDT...
  Fetching 1000RATSUSDT 1h from 2025-10-01 20:55...
  Fetching 1000RATSUSDT 1h from 2025-12-03 08:00...
  Fetching 1000RATSUSDT 1h from 2026-02-03 20:00...
  Fetching 1000RATSUSDT 1h from 2026-03-30 20:00...
  → 773 trades
[Backtest] (6/10) 1000SHIBUSDT...
  Fetching 1000SHIBUSDT 1h from 2025-10-01 20:55...
  Fetching 1000SHIBUSDT 1h from 2025-12-03 08:00...
  Fetching 1000SHIBUSDT 1h from 2026-02-03 20:00...
  Fetching 1000SHIBUSDT 1h from 2026-03-30 20:00...
  → 370 trades
[Backtest] (7/10) 42USDT...
  Fetching 42USDT 1h from 2025-10-01 20:55...
  Fetching 42USDT 1h from 2025-12-28 21:00...
  Fetching 42USDT 1h from 2026-03-01 09:00...
  Fetching 42USDT 1h from 2026-03-30 20:00...
  → 402 trades
[Backtest] (8/10) 4USDT...
  Fetching 4USDT 1h from 2025-10-01 20:55...
  Fetching 4USDT 1h from 2025-12-09 22:00...
  Fetching 4USDT 1h from 2026-02-10 10:00...
  Fetching 4USDT 1h from 2026-03-30 20:00...
  → 975 trades
[Backtest] (9/10) A2ZUSDT...
  Fetching A2ZUSDT 1h from 2025-10-01 20:55...
  Fetching A2ZUSDT 1h from 2025-12-03 08:00...
  Fetching A2ZUSDT 1h from 2026-02-03 20:00...
  Fetching A2ZUSDT 1h from 2026-03-30 20:00...
  → 580 trades
[Backtest] (10/10) AAVEUSDT...
  Fetching AAVEUSDT 1h from 2025-10-01 20:55...
  Fetching AAVEUSDT 1h from 2025-12-03 08:00...
  Fetching AAVEUSDT 1h from 2026-02-03 20:00...
  Fetching AAVEUSDT 1h from 2026-03-30 20:00...
  → 484 trades
  Result: 5856 trades | WR: 40.1% | Return: -95.4% | MaxDD: 98.3%

[Lab Run 9/10] Weights: {'ema_trend': 2.0, 'macd_signal': 0.0, 'rsi_position': 0.0, 'rsi_divergence': 0.0, 'bb_position': 0.0, 'volume_spike': 1.0, 'pressure': 0.5, 'candle_direction': 0.0}
[Backtest] Fetching BTC data...
  Fetching BTCUSDT 1h from 2025-10-01 20:56...
  Fetching BTCUSDT 1h from 2025-12-03 08:00...
  Fetching BTCUSDT 1h from 2026-02-03 20:00...
  Fetching BTCUSDT 1h from 2026-03-30 20:00...
[Backtest] (1/10) 0GUSDT...
  Fetching 0GUSDT 1h from 2025-10-01 20:56...
  Fetching 0GUSDT 1h from 2025-12-03 08:00...
  Fetching 0GUSDT 1h from 2026-02-03 20:00...
  Fetching 0GUSDT 1h from 2026-03-30 20:00...
  → 859 trades
[Backtest] (2/10) 1000BONKUSDT...
  Fetching 1000BONKUSDT 1h from 2025-10-01 20:56...
  Fetching 1000BONKUSDT 1h from 2025-12-03 08:00...
  Fetching 1000BONKUSDT 1h from 2026-02-03 20:00...
  Fetching 1000BONKUSDT 1h from 2026-03-30 20:00...
  → 592 trades
[Backtest] (3/10) 1000FLOKIUSDT...
  Fetching 1000FLOKIUSDT 1h from 2025-10-01 20:56...
  Fetching 1000FLOKIUSDT 1h from 2025-12-03 08:00...
  Fetching 1000FLOKIUSDT 1h from 2026-02-03 20:00...
  Fetching 1000FLOKIUSDT 1h from 2026-03-30 20:00...
  → 586 trades
[Backtest] (4/10) 1000PEPEUSDT...
  Fetching 1000PEPEUSDT 1h from 2025-10-01 20:56...
  Fetching 1000PEPEUSDT 1h from 2025-12-03 08:00...
  Fetching 1000PEPEUSDT 1h from 2026-02-03 20:00...
  Fetching 1000PEPEUSDT 1h from 2026-03-30 20:00...
  → 578 trades
[Backtest] (5/10) 1000RATSUSDT...
  Fetching 1000RATSUSDT 1h from 2025-10-01 20:56...
  Fetching 1000RATSUSDT 1h from 2025-12-03 08:00...
  Fetching 1000RATSUSDT 1h from 2026-02-03 20:00...
  Fetching 1000RATSUSDT 1h from 2026-03-30 20:00...
  → 1036 trades
[Backtest] (6/10) 1000SHIBUSDT...
  Fetching 1000SHIBUSDT 1h from 2025-10-01 20:56...
  Fetching 1000SHIBUSDT 1h from 2025-12-03 08:00...
  Fetching 1000SHIBUSDT 1h from 2026-02-03 20:00...
  Fetching 1000SHIBUSDT 1h from 2026-03-30 20:00...
  → 354 trades
[Backtest] (7/10) 42USDT...
  Fetching 42USDT 1h from 2025-10-01 20:56...
  Fetching 42USDT 1h from 2025-12-28 21:00...
  Fetching 42USDT 1h from 2026-03-01 09:00...
  Fetching 42USDT 1h from 2026-03-30 20:00...
  → 562 trades
[Backtest] (8/10) 4USDT...
  Fetching 4USDT 1h from 2025-10-01 20:56...
  Fetching 4USDT 1h from 2025-12-09 22:00...
  Fetching 4USDT 1h from 2026-02-10 10:00...
  Fetching 4USDT 1h from 2026-03-30 20:00...
  → 1732 trades
[Backtest] (9/10) A2ZUSDT...
  Fetching A2ZUSDT 1h from 2025-10-01 20:56...
  Fetching A2ZUSDT 1h from 2025-12-03 08:00...
  Fetching A2ZUSDT 1h from 2026-02-03 20:00...
  Fetching A2ZUSDT 1h from 2026-03-30 20:00...
  → 701 trades
[Backtest] (10/10) AAVEUSDT...
  Fetching AAVEUSDT 1h from 2025-10-01 20:56...
  Fetching AAVEUSDT 1h from 2025-12-03 08:00...
  Fetching AAVEUSDT 1h from 2026-02-03 20:00...
  Fetching AAVEUSDT 1h from 2026-03-30 20:00...
  → 488 trades
  Result: 7488 trades | WR: 39.3% | Return: -88.7% | MaxDD: 99.5%

[Lab Run 10/10] Weights: {'ema_trend': 1.0, 'macd_signal': 0.0, 'rsi_position': 0.0, 'rsi_divergence': 0.0, 'bb_position': 1.0, 'volume_spike': 2.0, 'pressure': 0.0, 'candle_direction': 0.0}
[Backtest] Fetching BTC data...
  Fetching BTCUSDT 1h from 2025-10-01 20:56...
  Fetching BTCUSDT 1h from 2025-12-03 08:00...
  Fetching BTCUSDT 1h from 2026-02-03 20:00...
  Fetching BTCUSDT 1h from 2026-03-30 20:00...
[Backtest] (1/10) 0GUSDT...
  Fetching 0GUSDT 1h from 2025-10-01 20:56...
  Fetching 0GUSDT 1h from 2025-12-03 08:00...
  Fetching 0GUSDT 1h from 2026-02-03 20:00...
  Fetching 0GUSDT 1h from 2026-03-30 20:00...
  → 15 trades
[Backtest] (2/10) 1000BONKUSDT...
  Fetching 1000BONKUSDT 1h from 2025-10-01 20:56...
  Fetching 1000BONKUSDT 1h from 2025-12-03 08:00...
  Fetching 1000BONKUSDT 1h from 2026-02-03 20:00...
  Fetching 1000BONKUSDT 1h from 2026-03-30 20:00...
  → 29 trades
[Backtest] (3/10) 1000FLOKIUSDT...
  Fetching 1000FLOKIUSDT 1h from 2025-10-01 20:56...
  Fetching 1000FLOKIUSDT 1h from 2025-12-03 08:00...
  Fetching 1000FLOKIUSDT 1h from 2026-02-03 20:00...
  Fetching 1000FLOKIUSDT 1h from 2026-03-30 20:00...
  → 23 trades
[Backtest] (4/10) 1000PEPEUSDT...
  Fetching 1000PEPEUSDT 1h from 2025-10-01 20:56...
  Fetching 1000PEPEUSDT 1h from 2025-12-03 08:00...
  Fetching 1000PEPEUSDT 1h from 2026-02-03 20:00...
  Fetching 1000PEPEUSDT 1h from 2026-03-30 20:00...
  → 23 trades
[Backtest] (5/10) 1000RATSUSDT...
  Fetching 1000RATSUSDT 1h from 2025-10-01 20:56...
  Fetching 1000RATSUSDT 1h from 2025-12-03 08:00...
  Fetching 1000RATSUSDT 1h from 2026-02-03 20:00...
  Fetching 1000RATSUSDT 1h from 2026-03-30 20:00...
  → 13 trades
[Backtest] (6/10) 1000SHIBUSDT...
  Fetching 1000SHIBUSDT 1h from 2025-10-01 20:56...
  Fetching 1000SHIBUSDT 1h from 2025-12-03 08:00...
  Fetching 1000SHIBUSDT 1h from 2026-02-03 20:00...
  Fetching 1000SHIBUSDT 1h from 2026-03-30 20:00...
  → 21 trades
[Backtest] (7/10) 42USDT...
  Fetching 42USDT 1h from 2025-10-01 20:56...
  Fetching 42USDT 1h from 2025-12-28 21:00...
  Fetching 42USDT 1h from 2026-03-01 09:00...
  Fetching 42USDT 1h from 2026-03-30 20:00...
  → 13 trades
[Backtest] (8/10) 4USDT...
  Fetching 4USDT 1h from 2025-10-01 20:56...
  Fetching 4USDT 1h from 2025-12-09 22:00...
  Fetching 4USDT 1h from 2026-02-10 10:00...
  Fetching 4USDT 1h from 2026-03-30 20:00...
  → 25 trades
[Backtest] (9/10) A2ZUSDT...
  Fetching A2ZUSDT 1h from 2025-10-01 20:56...
  Fetching A2ZUSDT 1h from 2025-12-03 08:00...
  Fetching A2ZUSDT 1h from 2026-02-03 20:00...
  Fetching A2ZUSDT 1h from 2026-03-30 20:00...
  → 14 trades
[Backtest] (10/10) AAVEUSDT...
  Fetching AAVEUSDT 1h from 2025-10-01 20:56...
  Fetching AAVEUSDT 1h from 2025-12-03 08:00...
  Fetching AAVEUSDT 1h from 2026-02-03 20:00...
  Fetching AAVEUSDT 1h from 2026-03-30 20:00...
  → 22 trades
  Result: 198 trades | WR: 48.0% | Return: +17.0% | MaxDD: 51.3%

============================================================
INDICATOR LAB RESULTS (Sorted by Return)
============================================================
#1: Return=+17.0% WR=48.0% Trades=198
      Weights: {'ema_trend': 1.0, 'macd_signal': 0.0, 'rsi_position': 0.0, 'rsi_divergence': 0.0, 'bb_position': 1.0, 'volume_spike': 2.0, 'pressure': 0.0, 'candle_direction': 0.0}
#2: Return=-11.6% WR=41.1% Trades=1906
      Weights: {'ema_trend': 2.0, 'macd_signal': 1.0, 'rsi_position': 0.0, 'rsi_divergence': 1.0, 'bb_position': 1.0, 'volume_spike': 1.5, 'pressure': 0.0, 'candle_direction': 1.0}
#3: Return=-40.6% WR=42.8% Trades=2311
      Weights: {'ema_trend': 1.0, 'macd_signal': 0.0, 'rsi_position': 1.0, 'rsi_divergence': 1.0, 'bb_position': 0.0, 'volume_spike': 2.0, 'pressure': 0.5, 'candle_direction': 1.0}
#4: Return=-42.5% WR=41.1% Trades=2042
      Weights: {'ema_trend': 1.0, 'macd_signal': 0.0, 'rsi_position': 0.0, 'rsi_divergence': 0.0, 'bb_position': 0.0, 'volume_spike': 2.0, 'pressure': 0.0, 'candle_direction': 1.0}
#5: Return=-71.3% WR=39.3% Trades=1749
      Weights: {'ema_trend': 2.0, 'macd_signal': 0.0, 'rsi_position': 0.0, 'rsi_divergence': 1.0, 'bb_position': 1.0, 'volume_spike': 1.0, 'pressure': 1.0, 'candle_direction': 0.0}
#6: Return=-82.2% WR=40.6% Trades=4051
      Weights: {'ema_trend': 2.0, 'macd_signal': 1.0, 'rsi_position': 0.0, 'rsi_divergence': 1.0, 'bb_position': 1.0, 'volume_spike': 2.0, 'pressure': 1.0, 'candle_direction': 1.0}
#7: Return=-88.4% WR=41.0% Trades=7232
      Weights: {'ema_trend': 2.0, 'macd_signal': 0.0, 'rsi_position': 0.0, 'rsi_divergence': 0.0, 'bb_position': 0.0, 'volume_spike': 1.5, 'pressure': 1.0, 'candle_direction': 1.0}
#8: Return=-88.7% WR=39.3% Trades=7488
      Weights: {'ema_trend': 2.0, 'macd_signal': 0.0, 'rsi_position': 0.0, 'rsi_divergence': 0.0, 'bb_position': 0.0, 'volume_spike': 1.0, 'pressure': 0.5, 'candle_direction': 0.0}
#9: Return=-95.1% WR=39.1% Trades=5634
      Weights: {'ema_trend': 2.0, 'macd_signal': 1.0, 'rsi_position': 0.0, 'rsi_divergence': 0.0, 'bb_position': 0.0, 'volume_spike': 1.5, 'pressure': 1.0, 'candle_direction': 1.0}
#10: Return=-95.4% WR=40.1% Trades=5856
      Weights: {'ema_trend': 1.0, 'macd_signal': 1.0, 'rsi_position': 0.0, 'rsi_divergence': 0.0, 'bb_position': 0.0, 'volume_spike': 1.5, 'pressure': 0.5, 'candle_direction': 1.0}
